mode: atomic
github.com/jacorbello/substrate/cmd/substrate/main.go:13.13,16.2 2 0
github.com/jacorbello/substrate/cmd/substrate-server/main.go:24.13,25.30 1 0
github.com/jacorbello/substrate/cmd/substrate-server/main.go:25.30,28.3 2 0
github.com/jacorbello/substrate/cmd/substrate-server/main.go:31.18,38.78 5 0
github.com/jacorbello/substrate/cmd/substrate-server/main.go:38.78,44.3 1 0
github.com/jacorbello/substrate/cmd/substrate-server/main.go:47.2,47.77 1 0
github.com/jacorbello/substrate/cmd/substrate-server/main.go:47.77,52.3 1 0
github.com/jacorbello/substrate/cmd/substrate-server/main.go:54.2,64.12 5 0
github.com/jacorbello/substrate/cmd/substrate-server/main.go:64.12,67.3 2 0
github.com/jacorbello/substrate/cmd/substrate-server/main.go:69.2,69.9 1 0
github.com/jacorbello/substrate/cmd/substrate-server/main.go:70.21,71.43 1 0
github.com/jacorbello/substrate/cmd/substrate-server/main.go:71.43,73.4 1 0
github.com/jacorbello/substrate/cmd/substrate-server/main.go:74.3,74.13 1 0
github.com/jacorbello/substrate/cmd/substrate-server/main.go:75.20,79.35 4 0
github.com/jacorbello/substrate/cmd/substrate-server/main.go:83.59,86.56 3 0
github.com/jacorbello/substrate/cmd/substrate-server/main.go:86.56,88.3 1 0
github.com/jacorbello/substrate/cmd/substrate-adapter/main.go:15.13,18.2 2 0
github.com/jacorbello/substrate/internal/version/version.go:10.24,12.9 2 0
github.com/jacorbello/substrate/internal/version/version.go:12.9,14.3 1 0
github.com/jacorbello/substrate/internal/version/version.go:15.2,15.34 1 0
github.com/jacorbello/substrate/internal/version/version.go:15.34,16.30 1 0
github.com/jacorbello/substrate/internal/version/version.go:16.30,18.4 1 0
github.com/jacorbello/substrate/internal/version/version.go:20.2,20.18 1 0
github.com/jacorbello/substrate/internal/scope/scope.go:41.24,42.26 1 41
github.com/jacorbello/substrate/internal/scope/scope.go:42.26,43.13 1 153
github.com/jacorbello/substrate/internal/scope/scope.go:43.13,45.4 1 38
github.com/jacorbello/substrate/internal/scope/scope.go:47.2,47.11 1 3
github.com/jacorbello/substrate/internal/scope/scope.go:51.27,51.51 1 9
github.com/jacorbello/substrate/internal/scope/scope.go:56.24,58.11 2 2
github.com/jacorbello/substrate/internal/scope/scope.go:58.11,59.72 1 0
github.com/jacorbello/substrate/internal/scope/scope.go:61.2,61.10 1 2
github.com/jacorbello/substrate/internal/scope/scope.go:77.36,78.13 1 12
github.com/jacorbello/substrate/internal/scope/scope.go:78.13,80.3 1 0
github.com/jacorbello/substrate/internal/scope/scope.go:81.2,83.29 3 12
github.com/jacorbello/substrate/internal/scope/scope.go:83.29,85.10 2 33
github.com/jacorbello/substrate/internal/scope/scope.go:85.10,87.4 1 1
github.com/jacorbello/substrate/internal/scope/scope.go:88.3,88.87 1 32
github.com/jacorbello/substrate/internal/scope/scope.go:90.2,90.37 1 11
github.com/jacorbello/substrate/internal/scope/scope.go:90.37,92.3 1 6
github.com/jacorbello/substrate/internal/scope/scope.go:93.2,93.15 1 5
github.com/jacorbello/substrate/internal/scope/scope.go:97.31,99.22 2 1
github.com/jacorbello/substrate/internal/scope/scope.go:99.22,101.3 1 4
github.com/jacorbello/substrate/internal/scope/scope.go:102.2,102.33 1 1
github.com/jacorbello/substrate/internal/scope/scope.go:107.32,108.17 1 11
github.com/jacorbello/substrate/internal/scope/scope.go:108.17,110.3 1 0
github.com/jacorbello/substrate/internal/scope/scope.go:111.2,111.25 1 11
github.com/jacorbello/substrate/internal/scope/scope.go:111.25,113.3 1 1
github.com/jacorbello/substrate/internal/scope/scope.go:114.2,115.22 2 10
github.com/jacorbello/substrate/internal/scope/scope.go:115.22,117.12 2 30
github.com/jacorbello/substrate/internal/scope/scope.go:117.12,119.4 1 2
github.com/jacorbello/substrate/internal/scope/scope.go:120.3,120.16 1 28
github.com/jacorbello/substrate/internal/scope/scope.go:120.16,122.4 1 2
github.com/jacorbello/substrate/internal/scope/scope.go:123.3,123.39 1 26
github.com/jacorbello/substrate/internal/scope/scope.go:123.39,125.4 1 1
github.com/jacorbello/substrate/internal/scope/scope.go:126.3,126.11 1 25
github.com/jacorbello/substrate/internal/scope/scope.go:128.2,128.12 1 5
github.com/jacorbello/substrate/internal/scope/scope.go:134.34,136.30 2 1
github.com/jacorbello/substrate/internal/scope/scope.go:136.30,138.3 1 4
github.com/jacorbello/substrate/internal/scope/scope.go:139.2,139.12 1 1
github.com/jacorbello/substrate/internal/scope/scope.go:144.37,145.21 1 3
github.com/jacorbello/substrate/internal/scope/scope.go:145.21,147.3 1 1
github.com/jacorbello/substrate/internal/scope/scope.go:148.2,148.19 1 2
github.com/jacorbello/substrate/internal/scope/scope.go:148.19,149.19 1 6
github.com/jacorbello/substrate/internal/scope/scope.go:149.19,151.4 1 1
github.com/jacorbello/substrate/internal/scope/scope.go:153.2,153.13 1 1
github.com/jacorbello/substrate/internal/scope/scope.go:157.30,157.52 1 5
